

================================================================
== Vitis HLS Report for 'decision_function_ap_fixed_18_8_5_3_0_ap_fixed_18_8_5_3_0_s'
================================================================
* Date:           Fri Sep 19 13:40:01 2025

* Version:        2023.2 (Build 4023990 on Oct 11 2023)
* Project:        conifer_xgboost_moons
* Solution:       solution1 (Vivado IP Flow Target)
* Product family: zynq
* Target device:  xc7z020-clg400-1


================================================================
== Performance Estimates
================================================================
+ Timing: 
    * Summary: 
    +--------+---------+----------+------------+
    |  Clock |  Target | Estimated| Uncertainty|
    +--------+---------+----------+------------+
    |ap_clk  |  5.00 ns|  3.580 ns|     1.35 ns|
    +--------+---------+----------+------------+

+ Latency: 
    * Summary: 
    +---------+---------+-----------+-----------+-----+-----+---------+
    |  Latency (cycles) |   Latency (absolute)  |  Interval | Pipeline|
    |   min   |   max   |    min    |    max    | min | max |   Type  |
    +---------+---------+-----------+-----------+-----+-----+---------+
    |        4|        4|  20.000 ns|  20.000 ns|    1|    1|      yes|
    +---------+---------+-----------+-----------+-----+-----+---------+

    + Detail: 
        * Instance: 
        N/A

        * Loop: 
        N/A



================================================================
== Utilization Estimates
================================================================
* Summary: 
+-----------------+---------+-----+--------+-------+-----+
|       Name      | BRAM_18K| DSP |   FF   |  LUT  | URAM|
+-----------------+---------+-----+--------+-------+-----+
|DSP              |        -|    -|       -|      -|    -|
|Expression       |        -|    -|       0|    416|    -|
|FIFO             |        -|    -|       -|      -|    -|
|Instance         |        -|    -|       0|     65|    -|
|Memory           |        -|    -|       -|      -|    -|
|Multiplexer      |        -|    -|       -|     14|    -|
|Register         |        -|    -|     622|    224|    -|
+-----------------+---------+-----+--------+-------+-----+
|Total            |        0|    0|     622|    719|    0|
+-----------------+---------+-----+--------+-------+-----+
|Available        |      280|  220|  106400|  53200|    0|
+-----------------+---------+-----+--------+-------+-----+
|Utilization (%)  |        0|    0|      ~0|      1|    0|
+-----------------+---------+-----+--------+-------+-----+

+ Detail: 
    * Instance: 
    +----------------------------+-----------------------+---------+----+---+----+-----+
    |          Instance          |         Module        | BRAM_18K| DSP| FF| LUT| URAM|
    +----------------------------+-----------------------+---------+----+---+----+-----+
    |sparsemux_27_4_11_1_0_U110  |sparsemux_27_4_11_1_0  |        0|   0|  0|  65|    0|
    +----------------------------+-----------------------+---------+----+---+----+-----+
    |Total                       |                       |        0|   0|  0|  65|    0|
    +----------------------------+-----------------------+---------+----+---+----+-----+

    * DSP: 
    N/A

    * Memory: 
    N/A

    * FIFO: 
    N/A

    * Expression: 
    +---------------------------+----------+----+---+----+------------+------------+
    |       Variable Name       | Operation| DSP| FF| LUT| Bitwidth P0| Bitwidth P1|
    +---------------------------+----------+----+---+----+------------+------------+
    |and_ln105_10_fu_282_p2     |       and|   0|  0|   2|           1|           1|
    |and_ln105_11_fu_369_p2     |       and|   0|  0|   2|           1|           1|
    |and_ln105_12_fu_465_p2     |       and|   0|  0|   2|           1|           1|
    |and_ln105_1_fu_249_p2      |       and|   0|  0|   2|           1|           1|
    |and_ln105_2_fu_273_p2      |       and|   0|  0|   2|           1|           1|
    |and_ln105_3_fu_361_p2      |       and|   0|  0|   2|           1|           1|
    |and_ln105_4_fu_278_p2      |       and|   0|  0|   2|           1|           1|
    |and_ln105_5_fu_287_p2      |       and|   0|  0|   2|           1|           1|
    |and_ln105_6_fu_365_p2      |       and|   0|  0|   2|           1|           1|
    |and_ln105_7_fu_374_p2      |       and|   0|  0|   2|           1|           1|
    |and_ln105_8_fu_379_p2      |       and|   0|  0|   2|           1|           1|
    |and_ln105_9_fu_470_p2      |       and|   0|  0|   2|           1|           1|
    |and_ln105_fu_254_p2        |       and|   0|  0|   2|           1|           1|
    |and_ln107_1_fu_263_p2      |       and|   0|  0|   2|           1|           1|
    |and_ln107_fu_244_p2        |       and|   0|  0|   2|           1|           1|
    |icmp_ln4_10_fu_222_p2      |      icmp|   0|  0|  25|          18|          12|
    |icmp_ln4_11_fu_228_p2      |      icmp|   0|  0|  25|          18|          13|
    |icmp_ln4_1_fu_168_p2       |      icmp|   0|  0|  25|          18|          11|
    |icmp_ln4_2_fu_174_p2       |      icmp|   0|  0|  25|          18|           9|
    |icmp_ln4_3_fu_180_p2       |      icmp|   0|  0|  25|          18|          13|
    |icmp_ln4_4_fu_186_p2       |      icmp|   0|  0|  25|          18|          17|
    |icmp_ln4_5_fu_192_p2       |      icmp|   0|  0|  25|          18|           8|
    |icmp_ln4_6_fu_198_p2       |      icmp|   0|  0|  25|          18|          12|
    |icmp_ln4_7_fu_204_p2       |      icmp|   0|  0|  25|          18|           8|
    |icmp_ln4_8_fu_210_p2       |      icmp|   0|  0|  25|          18|          11|
    |icmp_ln4_9_fu_216_p2       |      icmp|   0|  0|  25|          18|          17|
    |icmp_ln4_fu_162_p2         |      icmp|   0|  0|  25|          18|          14|
    |or_ln120_10_fu_475_p2      |        or|   0|  0|   2|           1|           1|
    |or_ln120_11_fu_480_p2      |        or|   0|  0|   2|           1|           1|
    |or_ln120_1_fu_297_p2       |        or|   0|  0|   2|           1|           1|
    |or_ln120_2_fu_301_p2       |        or|   0|  0|   2|           1|           1|
    |or_ln120_3_fu_307_p2       |        or|   0|  0|   2|           1|           1|
    |or_ln120_4_fu_384_p2       |        or|   0|  0|   2|           1|           1|
    |or_ln120_5_fu_311_p2       |        or|   0|  0|   2|           1|           1|
    |or_ln120_6_fu_389_p2       |        or|   0|  0|   2|           1|           1|
    |or_ln120_7_fu_394_p2       |        or|   0|  0|   2|           1|           1|
    |or_ln120_8_fu_398_p2       |        or|   0|  0|   2|           1|           1|
    |or_ln120_9_fu_404_p2       |        or|   0|  0|   2|           1|           1|
    |or_ln120_fu_292_p2         |        or|   0|  0|   2|           1|           1|
    |select_ln120_11_fu_551_p3  |    select|   0|  0|  11|           1|          11|
    |select_ln120_1_fu_328_p3   |    select|   0|  0|   2|           1|           2|
    |select_ln120_2_fu_340_p3   |    select|   0|  0|   4|           1|           3|
    |select_ln120_3_fu_348_p3   |    select|   0|  0|   3|           1|           3|
    |select_ln120_4_fu_410_p3   |    select|   0|  0|   3|           1|           3|
    |select_ln120_5_fu_417_p3   |    select|   0|  0|   3|           1|           3|
    |select_ln120_6_fu_428_p3   |    select|   0|  0|   5|           1|           4|
    |select_ln120_7_fu_436_p3   |    select|   0|  0|   4|           1|           4|
    |select_ln120_8_fu_444_p3   |    select|   0|  0|   4|           1|           4|
    |select_ln120_9_fu_452_p3   |    select|   0|  0|   4|           1|           4|
    |select_ln120_fu_320_p3     |    select|   0|  0|   3|           1|           2|
    |tmp_fu_491_p28             |    select|   0|  0|   4|           1|           4|
    |xor_ln107_1_fu_239_p2      |       xor|   0|  0|   2|           1|           2|
    |xor_ln107_2_fu_258_p2      |       xor|   0|  0|   2|           1|           2|
    |xor_ln107_3_fu_268_p2      |       xor|   0|  0|   2|           1|           2|
    |xor_ln107_4_fu_356_p2      |       xor|   0|  0|   2|           1|           2|
    |xor_ln107_5_fu_460_p2      |       xor|   0|  0|   2|           1|           2|
    |xor_ln107_fu_234_p2        |       xor|   0|  0|   2|           1|           2|
    +---------------------------+----------+----+---+----+------------+------------+
    |Total                      |          |   0|  0| 416|         261|         231|
    +---------------------------+----------+----+---+----+------------+------------+

    * Multiplexer: 
    +-----------+----+-----------+-----+-----------+
    |    Name   | LUT| Input Size| Bits| Total Bits|
    +-----------+----+-----------+-----+-----------+
    |ap_return  |  14|          3|   11|         33|
    +-----------+----+-----------+-----+-----------+
    |Total      |  14|          3|   11|         33|
    +-----------+----+-----------+-----+-----------+

    * Register: 
    +-----------------------------------+----+----+-----+-----------+
    |                Name               | FF | LUT| Bits| Const Bits|
    +-----------------------------------+----+----+-----+-----------+
    |and_ln105_1_reg_645                |   1|   0|    1|          0|
    |and_ln105_2_reg_663                |   1|   0|    1|          0|
    |and_ln105_reg_651                  |   1|   0|    1|          0|
    |and_ln107_1_reg_657                |   1|   0|    1|          0|
    |and_ln107_1_reg_657_pp0_iter3_reg  |   1|   0|    1|          0|
    |and_ln107_reg_639                  |   1|   0|    1|          0|
    |ap_ce_reg                          |   1|   0|    1|          0|
    |ap_return_int_reg                  |  11|   0|   11|          0|
    |icmp_ln4_10_reg_617                |   1|   0|    1|          0|
    |icmp_ln4_11_reg_622                |   1|   0|    1|          0|
    |icmp_ln4_1_reg_565                 |   1|   0|    1|          0|
    |icmp_ln4_1_reg_565_pp0_iter1_reg   |   1|   0|    1|          0|
    |icmp_ln4_2_reg_573                 |   1|   0|    1|          0|
    |icmp_ln4_2_reg_573_pp0_iter1_reg   |   1|   0|    1|          0|
    |icmp_ln4_3_reg_579                 |   1|   0|    1|          0|
    |icmp_ln4_3_reg_579_pp0_iter1_reg   |   1|   0|    1|          0|
    |icmp_ln4_4_reg_585                 |   1|   0|    1|          0|
    |icmp_ln4_5_reg_591                 |   1|   0|    1|          0|
    |icmp_ln4_6_reg_597                 |   1|   0|    1|          0|
    |icmp_ln4_6_reg_597_pp0_iter1_reg   |   1|   0|    1|          0|
    |icmp_ln4_7_reg_602                 |   1|   0|    1|          0|
    |icmp_ln4_7_reg_602_pp0_iter1_reg   |   1|   0|    1|          0|
    |icmp_ln4_8_reg_607                 |   1|   0|    1|          0|
    |icmp_ln4_9_reg_612                 |   1|   0|    1|          0|
    |icmp_ln4_reg_559                   |   1|   0|    1|          0|
    |or_ln120_3_reg_668                 |   1|   0|    1|          0|
    |or_ln120_3_reg_668_pp0_iter3_reg   |   1|   0|    1|          0|
    |or_ln120_5_reg_675                 |   1|   0|    1|          0|
    |or_ln120_9_reg_686                 |   1|   0|    1|          0|
    |p_read1_int_reg                    |  18|   0|   18|          0|
    |p_read2_int_reg                    |  18|   0|   18|          0|
    |p_read3_int_reg                    |  18|   0|   18|          0|
    |p_read4_int_reg                    |  18|   0|   18|          0|
    |p_read5_int_reg                    |  18|   0|   18|          0|
    |p_read6_int_reg                    |  18|   0|   18|          0|
    |p_read7_int_reg                    |  18|   0|   18|          0|
    |select_ln120_3_reg_681             |   3|   0|    3|          0|
    |select_ln120_9_reg_691             |   4|   0|    4|          0|
    |xor_ln107_1_reg_634                |   1|   0|    1|          0|
    |xor_ln107_reg_627                  |   1|   0|    1|          0|
    |icmp_ln4_10_reg_617                |  64|  32|    1|          0|
    |icmp_ln4_11_reg_622                |  64|  32|    1|          0|
    |icmp_ln4_4_reg_585                 |  64|  32|    1|          0|
    |icmp_ln4_5_reg_591                 |  64|  32|    1|          0|
    |icmp_ln4_8_reg_607                 |  64|  32|    1|          0|
    |icmp_ln4_9_reg_612                 |  64|  32|    1|          0|
    |xor_ln107_reg_627                  |  64|  32|    1|          0|
    +-----------------------------------+----+----+-----+-----------+
    |Total                              | 622| 224|  181|          0|
    +-----------------------------------+----+----+-----+-----------+



================================================================
== Interface
================================================================
* Summary: 
+-----------+-----+-----+------------+------------------------------------------------------------------------+--------------+
| RTL Ports | Dir | Bits|  Protocol  |                              Source Object                             |    C Type    |
+-----------+-----+-----+------------+------------------------------------------------------------------------+--------------+
|ap_clk     |   in|    1|  ap_ctrl_hs|  decision_function<ap_fixed<18, 8, 5, 3, 0>, ap_fixed<18, 8, 5, 3, 0> >|  return value|
|ap_rst     |   in|    1|  ap_ctrl_hs|  decision_function<ap_fixed<18, 8, 5, 3, 0>, ap_fixed<18, 8, 5, 3, 0> >|  return value|
|ap_return  |  out|   11|  ap_ctrl_hs|  decision_function<ap_fixed<18, 8, 5, 3, 0>, ap_fixed<18, 8, 5, 3, 0> >|  return value|
|ap_ce      |   in|    1|  ap_ctrl_hs|  decision_function<ap_fixed<18, 8, 5, 3, 0>, ap_fixed<18, 8, 5, 3, 0> >|  return value|
|p_read1    |   in|   18|     ap_none|                                                                 p_read1|        scalar|
|p_read2    |   in|   18|     ap_none|                                                                 p_read2|        scalar|
|p_read3    |   in|   18|     ap_none|                                                                 p_read3|        scalar|
|p_read4    |   in|   18|     ap_none|                                                                 p_read4|        scalar|
|p_read5    |   in|   18|     ap_none|                                                                 p_read5|        scalar|
|p_read6    |   in|   18|     ap_none|                                                                 p_read6|        scalar|
|p_read7    |   in|   18|     ap_none|                                                                 p_read7|        scalar|
+-----------+-----+-----+------------+------------------------------------------------------------------------+--------------+

