

================================================================
== Vitis HLS Report for 'decision_function_ap_fixed_18_8_5_3_0_ap_fixed_18_8_5_3_0_2'
================================================================
* Date:           Tue Sep  2 08:46:11 2025

* Version:        2023.2 (Build 4023990 on Oct 11 2023)
* Project:        my_prj
* Solution:       solution1 (Vivado IP Flow Target)
* Product family: zynq
* Target device:  xc7z020-clg400-1


================================================================
== Performance Estimates
================================================================
+ Timing: 
    * Summary: 
    +--------+---------+----------+------------+
    |  Clock |  Target | Estimated| Uncertainty|
    +--------+---------+----------+------------+
    |ap_clk  |  5.00 ns|  3.267 ns|     1.35 ns|
    +--------+---------+----------+------------+

+ Latency: 
    * Summary: 
    +---------+---------+-----------+-----------+-----+-----+---------+
    |  Latency (cycles) |   Latency (absolute)  |  Interval | Pipeline|
    |   min   |   max   |    min    |    max    | min | max |   Type  |
    +---------+---------+-----------+-----------+-----+-----+---------+
    |        3|        3|  15.000 ns|  15.000 ns|    1|    1|      yes|
    +---------+---------+-----------+-----------+-----+-----+---------+

    + Detail: 
        * Instance: 
        N/A

        * Loop: 
        N/A



================================================================
== Utilization Estimates
================================================================
* Summary: 
+-----------------+---------+-----+--------+-------+-----+
|       Name      | BRAM_18K| DSP |   FF   |  LUT  | URAM|
+-----------------+---------+-----+--------+-------+-----+
|DSP              |        -|    -|       -|      -|    -|
|Expression       |        -|    -|       0|    464|    -|
|FIFO             |        -|    -|       -|      -|    -|
|Instance         |        -|    -|       0|     65|    -|
|Memory           |        -|    -|       -|      -|    -|
|Multiplexer      |        -|    -|       -|     14|    -|
|Register         |        -|    -|     349|     96|    -|
+-----------------+---------+-----+--------+-------+-----+
|Total            |        0|    0|     349|    639|    0|
+-----------------+---------+-----+--------+-------+-----+
|Available        |      280|  220|  106400|  53200|    0|
+-----------------+---------+-----+--------+-------+-----+
|Utilization (%)  |        0|    0|      ~0|      1|    0|
+-----------------+---------+-----+--------+-------+-----+

+ Detail: 
    * Instance: 
    +---------------------------+-----------------------+---------+----+---+----+-----+
    |          Instance         |         Module        | BRAM_18K| DSP| FF| LUT| URAM|
    +---------------------------+-----------------------+---------+----+---+----+-----+
    |sparsemux_31_4_11_1_0_U92  |sparsemux_31_4_11_1_0  |        0|   0|  0|  65|    0|
    +---------------------------+-----------------------+---------+----+---+----+-----+
    |Total                      |                       |        0|   0|  0|  65|    0|
    +---------------------------+-----------------------+---------+----+---+----+-----+

    * DSP: 
    N/A

    * Memory: 
    N/A

    * FIFO: 
    N/A

    * Expression: 
    +---------------------------+----------+----+---+----+------------+------------+
    |       Variable Name       | Operation| DSP| FF| LUT| Bitwidth P0| Bitwidth P1|
    +---------------------------+----------+----+---+----+------------+------------+
    |and_ln105_22_fu_287_p2     |       and|   0|  0|   2|           1|           1|
    |and_ln105_24_fu_313_p2     |       and|   0|  0|   2|           1|           1|
    |and_ln105_25_fu_317_p2     |       and|   0|  0|   2|           1|           1|
    |and_ln105_26_fu_411_p2     |       and|   0|  0|   2|           1|           1|
    |and_ln105_27_fu_326_p2     |       and|   0|  0|   2|           1|           1|
    |and_ln105_28_fu_331_p2     |       and|   0|  0|   2|           1|           1|
    |and_ln105_29_fu_420_p2     |       and|   0|  0|   2|           1|           1|
    |and_ln105_30_fu_425_p2     |       and|   0|  0|   2|           1|           1|
    |and_ln105_31_fu_434_p2     |       and|   0|  0|   2|           1|           1|
    |and_ln105_32_fu_524_p2     |       and|   0|  0|   2|           1|           1|
    |and_ln105_33_fu_533_p2     |       and|   0|  0|   2|           1|           1|
    |and_ln105_34_fu_322_p2     |       and|   0|  0|   2|           1|           1|
    |and_ln105_35_fu_415_p2     |       and|   0|  0|   2|           1|           1|
    |and_ln105_36_fu_429_p2     |       and|   0|  0|   2|           1|           1|
    |and_ln105_37_fu_528_p2     |       and|   0|  0|   2|           1|           1|
    |and_ln105_fu_264_p2        |       and|   0|  0|   2|           1|           1|
    |and_ln107_3_fu_297_p2      |       and|   0|  0|   2|           1|           1|
    |and_ln107_4_fu_308_p2      |       and|   0|  0|   2|           1|           1|
    |and_ln107_fu_276_p2        |       and|   0|  0|   2|           1|           1|
    |icmp_ln4_25_fu_176_p2      |      icmp|   0|  0|  25|          18|          12|
    |icmp_ln4_26_fu_182_p2      |      icmp|   0|  0|  25|          18|          10|
    |icmp_ln4_27_fu_188_p2      |      icmp|   0|  0|  25|          18|          15|
    |icmp_ln4_28_fu_194_p2      |      icmp|   0|  0|  25|          18|          14|
    |icmp_ln4_29_fu_200_p2      |      icmp|   0|  0|  25|          18|          10|
    |icmp_ln4_30_fu_206_p2      |      icmp|   0|  0|  25|          18|          17|
    |icmp_ln4_31_fu_212_p2      |      icmp|   0|  0|  25|          18|           9|
    |icmp_ln4_32_fu_218_p2      |      icmp|   0|  0|  25|          18|          12|
    |icmp_ln4_33_fu_224_p2      |      icmp|   0|  0|  25|          18|          17|
    |icmp_ln4_34_fu_230_p2      |      icmp|   0|  0|  25|          18|          11|
    |icmp_ln4_36_fu_252_p2      |      icmp|   0|  0|  25|          18|          10|
    |icmp_ln4_37_fu_258_p2      |      icmp|   0|  0|  25|          18|          17|
    |icmp_ln4_67_fu_246_p2      |      icmp|   0|  0|  14|           7|           1|
    |icmp_ln4_fu_170_p2         |      icmp|   0|  0|  25|          18|          15|
    |or_ln120_23_fu_342_p2      |        or|   0|  0|   2|           1|           1|
    |or_ln120_24_fu_347_p2      |        or|   0|  0|   2|           1|           1|
    |or_ln120_25_fu_439_p2      |        or|   0|  0|   2|           1|           1|
    |or_ln120_26_fu_444_p2      |        or|   0|  0|   2|           1|           1|
    |or_ln120_27_fu_449_p2      |        or|   0|  0|   2|           1|           1|
    |or_ln120_28_fu_453_p2      |        or|   0|  0|   2|           1|           1|
    |or_ln120_29_fu_459_p2      |        or|   0|  0|   2|           1|           1|
    |or_ln120_30_fu_538_p2      |        or|   0|  0|   2|           1|           1|
    |or_ln120_31_fu_463_p2      |        or|   0|  0|   2|           1|           1|
    |or_ln120_32_fu_543_p2      |        or|   0|  0|   2|           1|           1|
    |or_ln120_33_fu_357_p2      |        or|   0|  0|   2|           1|           1|
    |or_ln120_fu_336_p2         |        or|   0|  0|   2|           1|           1|
    |agg_result_fu_570_p32      |    select|   0|  0|   4|           1|           4|
    |select_ln120_24_fu_374_p3  |    select|   0|  0|   2|           1|           2|
    |select_ln120_25_fu_385_p3  |    select|   0|  0|   4|           1|           3|
    |select_ln120_26_fu_393_p3  |    select|   0|  0|   3|           1|           3|
    |select_ln120_27_fu_469_p3  |    select|   0|  0|   3|           1|           3|
    |select_ln120_28_fu_476_p3  |    select|   0|  0|   3|           1|           3|
    |select_ln120_29_fu_487_p3  |    select|   0|  0|   5|           1|           4|
    |select_ln120_30_fu_495_p3  |    select|   0|  0|   4|           1|           4|
    |select_ln120_31_fu_503_p3  |    select|   0|  0|   4|           1|           4|
    |select_ln120_32_fu_511_p3  |    select|   0|  0|   4|           1|           4|
    |select_ln120_33_fu_548_p3  |    select|   0|  0|   4|           1|           4|
    |select_ln120_34_fu_555_p3  |    select|   0|  0|   4|           1|           4|
    |select_ln120_fu_366_p3     |    select|   0|  0|   3|           1|           2|
    |xor_ln107_12_fu_270_p2     |       xor|   0|  0|   2|           1|           2|
    |xor_ln107_13_fu_292_p2     |       xor|   0|  0|   2|           1|           2|
    |xor_ln107_14_fu_303_p2     |       xor|   0|  0|   2|           1|           2|
    |xor_ln107_15_fu_401_p2     |       xor|   0|  0|   2|           1|           2|
    |xor_ln107_16_fu_406_p2     |       xor|   0|  0|   2|           1|           2|
    |xor_ln107_17_fu_519_p2     |       xor|   0|  0|   2|           1|           2|
    |xor_ln107_fu_282_p2        |       xor|   0|  0|   2|           1|           2|
    |xor_ln120_fu_352_p2        |       xor|   0|  0|   2|           2|           1|
    +---------------------------+----------+----+---+----+------------+------------+
    |Total                      |          |   0|  0| 464|         294|         260|
    +---------------------------+----------+----+---+----+------------+------------+

    * Multiplexer: 
    +-----------+----+-----------+-----+-----------+
    |    Name   | LUT| Input Size| Bits| Total Bits|
    +-----------+----+-----------+-----+-----------+
    |ap_return  |  14|          3|   11|         33|
    +-----------+----+-----------+-----+-----------+
    |Total      |  14|          3|   11|         33|
    +-----------+----+-----------+-----+-----------+

    * Register: 
    +-----------------------------------+----+----+-----+-----------+
    |                Name               | FF | LUT| Bits| Const Bits|
    +-----------------------------------+----+----+-----+-----------+
    |and_ln105_22_reg_729               |   1|   0|    1|          0|
    |and_ln105_25_reg_741               |   1|   0|    1|          0|
    |and_ln105_26_reg_757               |   1|   0|    1|          0|
    |and_ln105_reg_713                  |   1|   0|    1|          0|
    |and_ln107_3_reg_735                |   1|   0|    1|          0|
    |and_ln107_3_reg_735_pp0_iter2_reg  |   1|   0|    1|          0|
    |and_ln107_reg_723                  |   1|   0|    1|          0|
    |and_ln107_reg_723_pp0_iter1_reg    |   1|   0|    1|          0|
    |ap_ce_reg                          |   1|   0|    1|          0|
    |ap_return_int_reg                  |  11|   0|   11|          0|
    |icmp_ln4_26_reg_647                |   1|   0|    1|          0|
    |icmp_ln4_27_reg_653                |   1|   0|    1|          0|
    |icmp_ln4_28_reg_660                |   1|   0|    1|          0|
    |icmp_ln4_28_reg_660_pp0_iter1_reg  |   1|   0|    1|          0|
    |icmp_ln4_29_reg_666                |   1|   0|    1|          0|
    |icmp_ln4_29_reg_666_pp0_iter1_reg  |   1|   0|    1|          0|
    |icmp_ln4_30_reg_672                |   1|   0|    1|          0|
    |icmp_ln4_31_reg_678                |   1|   0|    1|          0|
    |icmp_ln4_32_reg_683                |   1|   0|    1|          0|
    |icmp_ln4_33_reg_688                |   1|   0|    1|          0|
    |icmp_ln4_33_reg_688_pp0_iter1_reg  |   1|   0|    1|          0|
    |icmp_ln4_34_reg_693                |   1|   0|    1|          0|
    |icmp_ln4_34_reg_693_pp0_iter1_reg  |   1|   0|    1|          0|
    |icmp_ln4_36_reg_703                |   1|   0|    1|          0|
    |icmp_ln4_37_reg_708                |   1|   0|    1|          0|
    |icmp_ln4_67_reg_698                |   1|   0|    1|          0|
    |icmp_ln4_67_reg_698_pp0_iter1_reg  |   1|   0|    1|          0|
    |icmp_ln4_reg_638                   |   1|   0|    1|          0|
    |icmp_ln4_reg_638_pp0_iter1_reg     |   1|   0|    1|          0|
    |or_ln120_24_reg_747                |   1|   0|    1|          0|
    |or_ln120_29_reg_762                |   1|   0|    1|          0|
    |or_ln120_31_reg_767                |   1|   0|    1|          0|
    |p_read1_int_reg                    |  18|   0|   18|          0|
    |p_read2_int_reg                    |  18|   0|   18|          0|
    |p_read3_int_reg                    |  18|   0|   18|          0|
    |p_read4_int_reg                    |  18|   0|   18|          0|
    |p_read5_int_reg                    |  18|   0|   18|          0|
    |p_read6_int_reg                    |  18|   0|   18|          0|
    |select_ln120_26_reg_752            |   3|   0|    3|          0|
    |select_ln120_32_reg_773            |   4|   0|    4|          0|
    |icmp_ln4_30_reg_672                |  64|  32|    1|          0|
    |icmp_ln4_36_reg_703                |  64|  32|    1|          0|
    |icmp_ln4_37_reg_708                |  64|  32|    1|          0|
    +-----------------------------------+----+----+-----+-----------+
    |Total                              | 349|  96|  160|          0|
    +-----------------------------------+----+----+-----+-----------+



================================================================
== Interface
================================================================
* Summary: 
+-----------+-----+-----+------------+--------------------------------------------------------------------------+--------------+
| RTL Ports | Dir | Bits|  Protocol  |                               Source Object                              |    C Type    |
+-----------+-----+-----+------------+--------------------------------------------------------------------------+--------------+
|ap_clk     |   in|    1|  ap_ctrl_hs|  decision_function<ap_fixed<18, 8, 5, 3, 0>, ap_fixed<18, 8, 5, 3, 0> >.2|  return value|
|ap_rst     |   in|    1|  ap_ctrl_hs|  decision_function<ap_fixed<18, 8, 5, 3, 0>, ap_fixed<18, 8, 5, 3, 0> >.2|  return value|
|ap_return  |  out|   11|  ap_ctrl_hs|  decision_function<ap_fixed<18, 8, 5, 3, 0>, ap_fixed<18, 8, 5, 3, 0> >.2|  return value|
|ap_ce      |   in|    1|  ap_ctrl_hs|  decision_function<ap_fixed<18, 8, 5, 3, 0>, ap_fixed<18, 8, 5, 3, 0> >.2|  return value|
|p_read1    |   in|   18|     ap_none|                                                                   p_read1|        scalar|
|p_read2    |   in|   18|     ap_none|                                                                   p_read2|        scalar|
|p_read3    |   in|   18|     ap_none|                                                                   p_read3|        scalar|
|p_read4    |   in|   18|     ap_none|                                                                   p_read4|        scalar|
|p_read5    |   in|   18|     ap_none|                                                                   p_read5|        scalar|
|p_read6    |   in|   18|     ap_none|                                                                   p_read6|        scalar|
+-----------+-----+-----+------------+--------------------------------------------------------------------------+--------------+

